<html>
<body>
<pre>
<h1>µVision Build Log</h1>
<h2>Tool Versions:</h2>
IDE-Version: •ÏVision V5.43.1.0
Copyright (C) 2025 ARM Ltd and ARM Germany GmbH. All rights reserved.
License Information: Kim Byunghyun
NOne
User-based license: Keil MDK STMicroelectronics Edition - Cortex-M0/M0+/M23
Valid until: Aug 10 2034. Cached until: Apr 13 2026
 
Tool Versions:
Toolchain:       Keil MDK STMicroelectronics Edition - Cortex-M0/M  Version: 5.43.0.0
Toolchain Path:  C:\Users\asdds\AppData\Local\Keil_v5\ARM\ARMCLANG\Bin
C Compiler:      ArmClang.exe V6.24
Assembler:       Armasm.exe V6.24
Linker/Locator:  ArmLink.exe V6.24
Library Manager: ArmAr.exe V6.24
Hex Converter:   FromElf.exe V6.24
CPU DLL:         SARMCM3.DLL V5.43.0.0
Dialog DLL:      DARMCM1.DLL V1.19.6.0
Target DLL:      STLink\ST-LINKIII-KEIL_SWO.dll V3.3.1.0
Dialog DLL:      TARMCM1.DLL V1.14.6.0
 
<h2>Project:</h2>
C:\STM32\CAN_Test\CAN_TEST\MDK-ARM\CAN_TEST.uvprojx
Project File Date:  04/07/2026

<h2>Output:</h2>
*** Using Compiler 'V6.24', folder: 'C:\Users\asdds\AppData\Local\Keil_v5\ARM\ARMCLANG\Bin'
Build target 'CAN_TEST'
compiling main.c...
compiling can.c...
compiling sensor.c...
linking...
Program Size: Code=10862 RO-data=362 RW-data=12 ZI-data=1972  
FromELF: creating hex file...
"CAN_TEST\CAN_TEST.axf" - 0 Error(s), 0 Warning(s).

<h2>Software Packages used:</h2>

Package Vendor: ARM
                https://www.keil.com/pack/ARM.CMSIS.6.3.0.pack
                ARM::CMSIS@6.3.0
                CMSIS (Common Microcontroller Software Interface Standard)
   * Component: CORE Version: 6.2.0

Package Vendor: Keil
                https://www.keil.com/pack/Keil.STM32F0xx_DFP.3.1.1.pack
                Keil::STM32F0xx_DFP@3.1.1
                STMicroelectronics STM32F0 Series Device Support

<h2>Collection of Component include folders:</h2>
  ./RTE/_CAN_TEST
  C:/Users/asdds/AppData/Local/Arm/Packs/ARM/CMSIS/6.3.0/CMSIS/Core/Include

<h2>Collection of Component Files used:</h2>

   * Component: ARM::CMSIS:CORE@6.2.0
      Include file:  CMSIS/Core/Include/tz_context.h
Build Time Elapsed:  00:00:01
</pre>
</body>
</html>
